<html>
<body>
<pre>
<h1>µVision Build Log</h1>
<h2>Tool Versions:</h2>
IDE-Version: µVision V5.29.0.0
Copyright (C) 2019 ARM Ltd and ARM Germany GmbH. All rights reserved.
License Information: Maram Abbas, American University in Cairo, LIC=----
 
Tool Versions:
Toolchain:       MDK-Lite  Version: 5.29.0.0
Toolchain Path:  C:\Keil_v5\ARM\ARMCC\Bin
C Compiler:      Armcc.exe V5.06 update 6 (build 750)
Assembler:       Armasm.exe V5.06 update 6 (build 750)
Linker/Locator:  ArmLink.exe V5.06 update 6 (build 750)
Library Manager: ArmAr.exe V5.06 update 6 (build 750)
Hex Converter:   FromElf.exe V5.06 update 6 (build 750)
CPU DLL:         SARMCM3.DLL V5.29.0.0
Dialog DLL:      DCM.DLL V1.17.3.0
Target DLL:      STLink\ST-LINKIII-KEIL_SWO.dll V3.0.7.0
Dialog DLL:      TCM.DLL V1.36.5.0
 
<h2>Project:</h2>
C:\Users\admin\Desktop\Project\Project_Part1\MDK-ARM\Project_Part1.uvprojx
Project File Date:  05/09/2020

<h2>Output:</h2>
*** Using Compiler 'V5.06 update 6 (build 750)', folder: 'C:\Keil_v5\ARM\ARMCC\Bin'
Build target 'Project_Part1'
compiling main.c...
../Src/main.c(75): warning:  #186-D: pointless comparison of unsigned integer with zero
  if (n>=0 && n<=9) n = n + '0';
../Src/main.c(232): warning:  #167-D: argument of type "char *" is incompatible with parameter of type "uint8_t *"
  		HAL_UART_Receive(&huart1,&choice, sizeof(choice),50);
../Src/main.c(243): warning:  #188-D: enumerated type mixed with another type
  			HAL_GPIO_WritePin(GPIOB, GPIO_PIN_3,1);
../Src/main.c(244): warning:  #167-D: argument of type "char *" is incompatible with parameter of type "uint8_t *"
  			HAL_UART_Transmit(&huart2,&choice, sizeof(choice),500);
../Src/main.c(250): warning:  #188-D: enumerated type mixed with another type
  			HAL_GPIO_WritePin(GPIOB, GPIO_PIN_3,0);
../Src/main.c(251): warning:  #167-D: argument of type "char *" is incompatible with parameter of type "uint8_t *"
  			HAL_UART_Transmit(&huart2,&choice, sizeof(choice),500);
../Src/main.c: 6 warnings, 0 errors
linking...
Program Size: Code=9188 RO-data=500 RW-data=16 ZI-data=1360  
FromELF: creating hex file...
"Project_Part1\Project_Part1.axf" - 0 Error(s), 6 Warning(s).

<h2>Software Packages used:</h2>

Package Vendor: ARM
                http://www.keil.com/pack/ARM.CMSIS.5.6.0.pack
                ARM.CMSIS.5.6.0
                CMSIS (Cortex Microcontroller Software Interface Standard)
   * Component: CORE Version: 5.3.0

Package Vendor: Keil
                https://www.keil.com/pack/Keil.STM32L4xx_DFP.2.3.0.pack
                Keil.STM32L4xx_DFP.2.3.0
                STMicroelectronics STM32L4 Series Device Support, Drivers and Examples

<h2>Collection of Component include folders:</h2>
  .\RTE\_Project_Part1
  C:\Users\admin\AppData\Local\Arm\Packs\ARM\CMSIS\5.6.0\CMSIS\Core\Include
  C:\Users\admin\AppData\Local\Arm\Packs\Keil\STM32L4xx_DFP\2.3.0\Drivers\CMSIS\Device\ST\STM32L4xx\Include

<h2>Collection of Component Files used:</h2>

   * Component: ARM::CMSIS:CORE:5.3.0
Build Time Elapsed:  00:00:17
</pre>
</body>
</html>
